MEncoder SVN-r31628-4.4.4 (C) 2000-2010 MPlayer Team
success: format: 16  data: 0x0 - 0x0
MF file format detected.
[mf] search expr: src/PathPlanning/RRT/Variations/RRT2D/Test/Out/*.png
[mf] number of files: 74 (592)
VIDEO:  [MPNG]  640x400  24bpp  15.000 fps    0.0 kbps ( 0.0 kbyte/s)
[V] filefmt:16  fourcc:0x474E504D  size:640x400  fps:15.000  ftime:=0.0667
Opening video filter: [expand osd=1]
Expand: -1 x -1, -1 ; -1, osd: 1, aspect: 0.000000, round: 1
==========================================================================
Opening video decoder: [ffmpeg] FFmpeg's libavcodec codec family
Selected video codec: [ffpng] vfm: ffmpeg (FFmpeg PNG)
==========================================================================
Could not find matching colorspace - retrying with -vf scale...
Opening video filter: [scale]
Movie-Aspect is undefined - no prescaling applied.
videocodec: libavcodec (640x400 fourcc=34504d46 [FMP4])
Writing header...
ODML: Aspect information not (yet?) available or unspecified, not writing vprp header.
Writing header...
ODML: Aspect information not (yet?) available or unspecified, not writing vprp header.
Pos:   0.1s      1f ( 1%)  0.00fps Trem:   0min   1mb  A-V:0.000 [0:0]Pos:   0.1s      2f ( 2%)  0.00fps Trem:   0min   0mb  A-V:0.000 [0:0]Pos:   0.2s      3f ( 4%)  0.00fps Trem:   0min   0mb  A-V:0.000 [0:0]Pos:   0.3s      4f ( 5%)  0.00fps Trem:   0min   0mb  A-V:0.000 [0:0]Pos:   0.3s      5f ( 6%)  0.00fps Trem:   0min   0mb  A-V:0.000 [0:0]Pos:   0.4s      6f ( 8%)  0.00fps Trem:   0min   0mb  A-V:0.000 [0:0]Pos:   0.5s      7f ( 9%)  0.00fps Trem:   0min   0mb  A-V:0.000 [0:0]Pos:   0.5s      8f (10%)  0.00fps Trem:   0min   0mb  A-V:0.000 [0:0]Pos:   0.6s      9f (12%)  0.00fps Trem:   0min   0mb  A-V:0.000 [0:0]Pos:   0.7s     10f (13%)  0.00fps Trem:   0min   0mb  A-V:0.000 [0:0]Pos:   0.7s     11f (15%)  0.00fps Trem:   0min   0mb  A-V:0.000 [0:0]Pos:   0.8s     12f (16%)  0.00fps Trem:   0min   0mb  A-V:0.000 [0:0]Pos:   0.9s     13f (17%)  0.00fps Trem:   0min   0mb  A-V:0.000 [0:0]Pos:   0.9s     14f (19%)  0.00fps Trem:   0min   0mb  A-V:0.000 [0:0]Pos:   1.0s     15f (20%)  0.00fps Trem:   0min   0mb  A-V:0.000 [0:0]Pos:   1.1s     16f (21%)  0.00fps Trem:   0min   0mb  A-V:0.000 [139:0]Pos:   1.1s     17f (23%)  0.00fps Trem:   0min   0mb  A-V:0.000 [137:0]Pos:   1.2s     18f (24%)  0.00fps Trem:   0min   0mb  A-V:0.000 [135:0]Pos:   1.3s     19f (26%)  0.00fps Trem:   0min   0mb  A-V:0.000 [133:0]Pos:   1.3s     20f (27%)  0.00fps Trem:   0min   0mb  A-V:0.000 [131:0]Pos:   1.4s     21f (28%)  0.00fps Trem:   0min   0mb  A-V:0.000 [130:0]Pos:   1.5s     22f (30%)  0.00fps Trem:   0min   0mb  A-V:0.000 [129:0]Pos:   1.5s     23f (31%)  0.00fps Trem:   0min   0mb  A-V:0.000 [127:0]Pos:   1.6s     24f (32%)  0.00fps Trem:   0min   0mb  A-V:0.000 [126:0]Pos:   1.7s     25f (34%)  0.00fps Trem:   0min   0mb  A-V:0.000 [126:0]Pos:   1.7s     26f (35%)  0.00fps Trem:   0min   0mb  A-V:0.000 [125:0]Pos:   1.8s     27f (36%)  0.00fps Trem:   0min   0mb  A-V:0.000 [123:0]Pos:   1.9s     28f (38%)  0.00fps Trem:   0min   0mb  A-V:0.000 [123:0]Pos:   1.9s     29f (39%)  0.00fps Trem:   0min   0mb  A-V:0.000 [121:0]Pos:   2.0s     30f (41%)  0.00fps Trem:   0min   0mb  A-V:0.000 [120:0]Pos:   2.1s     31f (42%)  0.00fps Trem:   0min   0mb  A-V:0.000 [120:0]Pos:   2.1s     32f (43%)  0.00fps Trem:   0min   0mb  A-V:0.000 [120:0]Pos:   2.2s     33f (45%)  0.00fps Trem:   0min   0mb  A-V:0.000 [119:0]Pos:   2.3s     34f (46%)  0.00fps Trem:   0min   0mb  A-V:0.000 [119:0]Pos:   2.3s     35f (47%)  0.00fps Trem:   0min   0mb  A-V:0.000 [119:0]Pos:   2.4s     36f (49%)  0.00fps Trem:   0min   0mb  A-V:0.000 [118:0]Pos:   2.5s     37f (50%)  0.00fps Trem:   0min   0mb  A-V:0.000 [118:0]Pos:   2.5s     38f (52%)  0.00fps Trem:   0min   0mb  A-V:0.000 [117:0]Pos:   2.6s     39f (52%)  0.00fps Trem:   0min   0mb  A-V:0.000 [116:0]Pos:   2.7s     40f (54%)  0.00fps Trem:   0min   0mb  A-V:0.000 [116:0]Pos:   2.7s     41f (56%)  0.00fps Trem:   0min   0mb  A-V:0.000 [115:0]Pos:   2.8s     42f (57%)  0.00fps Trem:   0min   0mb  A-V:0.000 [115:0]Pos:   2.9s     43f (58%)  0.00fps Trem:   0min   0mb  A-V:0.000 [115:0]Pos:   2.9s     44f (60%)  0.00fps Trem:   0min   0mb  A-V:0.000 [115:0]Pos:   3.0s     45f (61%)  0.00fps Trem:   0min   0mb  A-V:0.000 [115:0]Pos:   3.1s     46f (63%)  0.00fps Trem:   0min   0mb  A-V:0.000 [115:0]Pos:   3.1s     47f (64%)  0.00fps Trem:   0min   0mb  A-V:0.000 [115:0]Pos:   3.2s     48f (65%)  0.00fps Trem:   0min   0mb  A-V:0.000 [114:0]Pos:   3.3s     49f (67%)  0.00fps Trem:   0min   0mb  A-V:0.000 [114:0]Pos:   3.3s     50f (68%)  0.00fps Trem:   0min   0mb  A-V:0.000 [113:0]Pos:   3.4s     51f (69%)  0.00fps Trem:   0min   0mb  A-V:0.000 [114:0]Pos:   3.5s     52f (71%)  0.00fps Trem:   0min   0mb  A-V:0.000 [113:0]Pos:   3.5s     53f (72%)  0.00fps Trem:   0min   0mb  A-V:0.000 [113:0]Pos:   3.6s     54f (73%)  0.00fps Trem:   0min   0mb  A-V:0.000 [113:0]Pos:   3.7s     55f (75%)  0.00fps Trem:   0min   0mb  A-V:0.000 [113:0]Pos:   3.7s     56f (76%)  0.00fps Trem:   0min   0mb  A-V:0.000 [113:0]Pos:   3.8s     57f (78%)  0.00fps Trem:   0min   0mb  A-V:0.000 [112:0]Pos:   3.9s     58f (79%)  0.00fps Trem:   0min   0mb  A-V:0.000 [112:0]Pos:   3.9s     59f (80%)  0.00fps Trem:   0min   0mb  A-V:0.000 [112:0]Pos:   4.0s     60f (82%)  0.00fps Trem:   0min   0mb  A-V:0.000 [112:0]Pos:   4.1s     61f (83%)  0.00fps Trem:   0min   0mb  A-V:0.000 [112:0]Pos:   4.1s     62f (84%)  0.00fps Trem:   0min   0mb  A-V:0.000 [112:0]Pos:   4.2s     63f (86%)  0.00fps Trem:   0min   0mb  A-V:0.000 [111:0]Pos:   4.3s     64f (87%)  0.00fps Trem:   0min   0mb  A-V:0.000 [111:0]Pos:   4.3s     65f (89%)  0.00fps Trem:   0min   0mb  A-V:0.000 [111:0]Pos:   4.4s     66f (90%)  0.00fps Trem:   0min   0mb  A-V:0.000 [111:0]Pos:   4.5s     67f (91%)  0.00fps Trem:   0min   0mb  A-V:0.000 [111:0]Pos:   4.5s     68f (93%)  0.00fps Trem:   0min   0mb  A-V:0.000 [111:0]Pos:   4.6s     69f (94%)  0.00fps Trem:   0min   0mb  A-V:0.000 [110:0]Pos:   4.7s     70f (95%)  0.00fps Trem:   0min   0mb  A-V:0.000 [110:0]Pos:   4.7s     71f (97%)  0.00fps Trem:   0min   0mb  A-V:0.000 [110:0]Pos:   4.8s     72f (98%)  0.00fps Trem:   0min   0mb  A-V:0.000 [110:0]Pos:   4.9s     73f (100%)  0.00fps Trem:   0min   0mb  A-V:0.000 [110:0]Pos:   4.9s     74f (100%)  0.00fps Trem:   0min   0mb  A-V:0.000 [110:0]
Flushing video frames.
Writing index...
Writing header...
ODML: Aspect information not (yet?) available or unspecified, not writing vprp header.

Video stream:  110.557 kbit/s  (13819 B/s)  size: 68177 bytes  4.933 secs  74 frames
