MEncoder SVN-r31628-4.4.4 (C) 2000-2010 MPlayer Team
success: format: 16  data: 0x0 - 0x0
MF file format detected.
[mf] search expr: src/Applications/RRT/Variations/RRT2D/Test/Out/*.png
[mf] number of files: 68 (544)
VIDEO:  [MPNG]  640x400  24bpp  15.000 fps    0.0 kbps ( 0.0 kbyte/s)
[V] filefmt:16  fourcc:0x474E504D  size:640x400  fps:15.000  ftime:=0.0667
Opening video filter: [expand osd=1]
Expand: -1 x -1, -1 ; -1, osd: 1, aspect: 0.000000, round: 1
==========================================================================
Opening video decoder: [ffmpeg] FFmpeg's libavcodec codec family
Selected video codec: [ffpng] vfm: ffmpeg (FFmpeg PNG)
==========================================================================
Could not find matching colorspace - retrying with -vf scale...
Opening video filter: [scale]
Movie-Aspect is undefined - no prescaling applied.
videocodec: libavcodec (640x400 fourcc=34504d46 [FMP4])
Writing header...
ODML: Aspect information not (yet?) available or unspecified, not writing vprp header.
Writing header...
ODML: Aspect information not (yet?) available or unspecified, not writing vprp header.
Pos:   0.1s      1f ( 1%)  0.00fps Trem:   0min   1mb  A-V:0.000 [0:0]Pos:   0.1s      2f ( 2%)  0.00fps Trem:   0min   0mb  A-V:0.000 [0:0]Pos:   0.2s      3f ( 4%)  0.00fps Trem:   0min   0mb  A-V:0.000 [0:0]Pos:   0.3s      4f ( 5%)  0.00fps Trem:   0min   0mb  A-V:0.000 [0:0]Pos:   0.3s      5f ( 7%)  0.00fps Trem:   0min   0mb  A-V:0.000 [0:0]Pos:   0.4s      6f ( 8%)  0.00fps Trem:   0min   0mb  A-V:0.000 [0:0]Pos:   0.5s      7f (10%)  0.00fps Trem:   0min   0mb  A-V:0.000 [0:0]Pos:   0.5s      8f (11%)  0.00fps Trem:   0min   0mb  A-V:0.000 [0:0]Pos:   0.6s      9f (13%)  0.00fps Trem:   0min   0mb  A-V:0.000 [0:0]Pos:   0.7s     10f (14%)  0.00fps Trem:   0min   0mb  A-V:0.000 [0:0]Pos:   0.7s     11f (16%)  0.00fps Trem:   0min   0mb  A-V:0.000 [0:0]Pos:   0.8s     12f (17%)  0.00fps Trem:   0min   0mb  A-V:0.000 [0:0]Pos:   0.9s     13f (19%)  0.00fps Trem:   0min   0mb  A-V:0.000 [0:0]Pos:   0.9s     14f (20%)  0.00fps Trem:   0min   0mb  A-V:0.000 [0:0]Pos:   1.0s     15f (22%)  0.00fps Trem:   0min   0mb  A-V:0.000 [0:0]Pos:   1.1s     16f (23%)  0.00fps Trem:   0min   0mb  A-V:0.000 [138:0]Pos:   1.1s     17f (25%)  0.00fps Trem:   0min   0mb  A-V:0.000 [136:0]Pos:   1.2s     18f (26%)  0.00fps Trem:   0min   0mb  A-V:0.000 [134:0]Pos:   1.3s     19f (28%)  0.00fps Trem:   0min   0mb  A-V:0.000 [131:0]Pos:   1.3s     20f (29%)  0.00fps Trem:   0min   0mb  A-V:0.000 [130:0]Pos:   1.4s     21f (31%)  0.00fps Trem:   0min   0mb  A-V:0.000 [129:0]Pos:   1.5s     22f (32%)  0.00fps Trem:   0min   0mb  A-V:0.000 [128:0]Pos:   1.5s     23f (34%)  0.00fps Trem:   0min   0mb  A-V:0.000 [126:0]Pos:   1.6s     24f (35%)  0.00fps Trem:   0min   0mb  A-V:0.000 [125:0]Pos:   1.7s     25f (37%)  0.00fps Trem:   0min   0mb  A-V:0.000 [125:0]Pos:   1.7s     26f (38%)  0.00fps Trem:   0min   0mb  A-V:0.000 [124:0]Pos:   1.8s     27f (40%)  0.00fps Trem:   0min   0mb  A-V:0.000 [123:0]Pos:   1.9s     28f (41%)  0.00fps Trem:   0min   0mb  A-V:0.000 [123:0]Pos:   1.9s     29f (43%)  0.00fps Trem:   0min   0mb  A-V:0.000 [121:0]Pos:   2.0s     30f (44%)  0.00fps Trem:   0min   0mb  A-V:0.000 [120:0]Pos:   2.1s     31f (46%)  0.00fps Trem:   0min   0mb  A-V:0.000 [121:0]Pos:   2.1s     32f (47%)  0.00fps Trem:   0min   0mb  A-V:0.000 [120:0]Pos:   2.2s     33f (49%)  0.00fps Trem:   0min   0mb  A-V:0.000 [119:0]Pos:   2.3s     34f (50%)  0.00fps Trem:   0min   0mb  A-V:0.000 [119:0]Pos:   2.3s     35f (52%)  0.00fps Trem:   0min   0mb  A-V:0.000 [118:0]Pos:   2.4s     36f (52%)  0.00fps Trem:   0min   0mb  A-V:0.000 [118:0]Pos:   2.5s     37f (55%)  0.00fps Trem:   0min   0mb  A-V:0.000 [118:0]Pos:   2.5s     38f (56%)  0.00fps Trem:   0min   0mb  A-V:0.000 [117:0]Pos:   2.6s     39f (58%)  0.00fps Trem:   0min   0mb  A-V:0.000 [116:0]Pos:   2.7s     40f (58%)  0.00fps Trem:   0min   0mb  A-V:0.000 [116:0]Pos:   2.7s     41f (61%)  0.00fps Trem:   0min   0mb  A-V:0.000 [116:0]Pos:   2.8s     42f (62%)  0.00fps Trem:   0min   0mb  A-V:0.000 [115:0]Pos:   2.9s     43f (64%)  0.00fps Trem:   0min   0mb  A-V:0.000 [114:0]Pos:   2.9s     44f (65%)  0.00fps Trem:   0min   0mb  A-V:0.000 [114:0]Pos:   3.0s     45f (67%)  0.00fps Trem:   0min   0mb  A-V:0.000 [114:0]Pos:   3.1s     46f (68%)  0.00fps Trem:   0min   0mb  A-V:0.000 [114:0]Pos:   3.1s     47f (70%)  0.00fps Trem:   0min   0mb  A-V:0.000 [114:0]Pos:   3.2s     48f (71%)  0.00fps Trem:   0min   0mb  A-V:0.000 [113:0]Pos:   3.3s     49f (73%)  0.00fps Trem:   0min   0mb  A-V:0.000 [113:0]Pos:   3.3s     50f (74%)  0.00fps Trem:   0min   0mb  A-V:0.000 [113:0]Pos:   3.4s     51f (76%)  0.00fps Trem:   0min   0mb  A-V:0.000 [113:0]Pos:   3.5s     52f (77%)  0.00fps Trem:   0min   0mb  A-V:0.000 [112:0]Pos:   3.5s     53f (79%)  0.00fps Trem:   0min   0mb  A-V:0.000 [112:0]Pos:   3.6s     54f (80%)  0.00fps Trem:   0min   0mb  A-V:0.000 [112:0]Pos:   3.7s     55f (82%)  0.00fps Trem:   0min   0mb  A-V:0.000 [112:0]Pos:   3.7s     56f (83%)  0.00fps Trem:   0min   0mb  A-V:0.000 [112:0]Pos:   3.8s     57f (85%)  0.00fps Trem:   0min   0mb  A-V:0.000 [112:0]Pos:   3.9s     58f (86%)  0.00fps Trem:   0min   0mb  A-V:0.000 [112:0]Pos:   3.9s     59f (88%)  0.00fps Trem:   0min   0mb  A-V:0.000 [111:0]Pos:   4.0s     60f (89%)  0.00fps Trem:   0min   0mb  A-V:0.000 [111:0]Pos:   4.1s     61f (91%)  0.00fps Trem:   0min   0mb  A-V:0.000 [111:0]Pos:   4.1s     62f (92%)  0.00fps Trem:   0min   0mb  A-V:0.000 [111:0]Pos:   4.2s     63f (94%)  0.00fps Trem:   0min   0mb  A-V:0.000 [111:0]Pos:   4.3s     64f (95%)  0.00fps Trem:   0min   0mb  A-V:0.000 [111:0]Pos:   4.3s     65f (97%)  0.00fps Trem:   0min   0mb  A-V:0.000 [111:0]Pos:   4.4s     66f (98%)  0.00fps Trem:   0min   0mb  A-V:0.000 [110:0]Pos:   4.5s     67f (100%)  0.00fps Trem:   0min   0mb  A-V:0.000 [110:0]Pos:   4.5s     68f (100%)  0.00fps Trem:   0min   0mb  A-V:0.000 [110:0]
Flushing video frames.
Writing index...
Writing header...
ODML: Aspect information not (yet?) available or unspecified, not writing vprp header.

Video stream:  110.628 kbit/s  (13828 B/s)  size: 62689 bytes  4.533 secs  68 frames
