MEncoder SVN-r31628-4.4.4 (C) 2000-2010 MPlayer Team
success: format: 16  data: 0x0 - 0x0
MF file format detected.
[mf] search expr: src/PathPlanning/ANMGuidedRRT/Specializations/ANMG2D/Test/Out/*.png
[mf] number of files: 228 (1824)
VIDEO:  [MPNG]  640x400  24bpp  15.000 fps    0.0 kbps ( 0.0 kbyte/s)
[V] filefmt:16  fourcc:0x474E504D  size:640x400  fps:15.000  ftime:=0.0667
Opening video filter: [expand osd=1]
Expand: -1 x -1, -1 ; -1, osd: 1, aspect: 0.000000, round: 1
==========================================================================
Opening video decoder: [ffmpeg] FFmpeg's libavcodec codec family
Selected video codec: [ffpng] vfm: ffmpeg (FFmpeg PNG)
==========================================================================
Could not find matching colorspace - retrying with -vf scale...
Opening video filter: [scale]
Movie-Aspect is undefined - no prescaling applied.
videocodec: libavcodec (640x400 fourcc=34504d46 [FMP4])
Writing header...
ODML: Aspect information not (yet?) available or unspecified, not writing vprp header.
Writing header...
ODML: Aspect information not (yet?) available or unspecified, not writing vprp header.
Pos:   0.1s      1f ( 0%)  0.00fps Trem:   0min   0mb  A-V:0.000 [0:0]Pos:   0.1s      2f ( 0%)  0.00fps Trem:   0min   0mb  A-V:0.000 [0:0]Pos:   0.2s      3f ( 1%)  0.00fps Trem:   0min   1mb  A-V:0.000 [0:0]Pos:   0.3s      4f ( 1%)  0.00fps Trem:   0min   1mb  A-V:0.000 [0:0]Pos:   0.3s      5f ( 2%)  0.00fps Trem:   0min   0mb  A-V:0.000 [0:0]Pos:   0.4s      6f ( 2%)  0.00fps Trem:   0min   0mb  A-V:0.000 [0:0]Pos:   0.5s      7f ( 3%)  0.00fps Trem:   0min   0mb  A-V:0.000 [0:0]Pos:   0.5s      8f ( 3%)  0.00fps Trem:   0min   0mb  A-V:0.000 [0:0]Pos:   0.6s      9f ( 3%)  0.00fps Trem:   0min   0mb  A-V:0.000 [0:0]Pos:   0.7s     10f ( 4%)  0.00fps Trem:   0min   0mb  A-V:0.000 [0:0]Pos:   0.7s     11f ( 4%)  0.00fps Trem:   0min   0mb  A-V:0.000 [0:0]Pos:   0.8s     12f ( 5%)  0.00fps Trem:   0min   0mb  A-V:0.000 [0:0]Pos:   0.9s     13f ( 5%)  0.00fps Trem:   0min   0mb  A-V:0.000 [0:0]Pos:   0.9s     14f ( 6%)  0.00fps Trem:   0min   0mb  A-V:0.000 [0:0]Pos:   1.0s     15f ( 6%)  0.00fps Trem:   0min   0mb  A-V:0.000 [0:0]Pos:   1.1s     16f ( 7%)  0.00fps Trem:   0min   0mb  A-V:0.000 [135:0]Pos:   1.1s     17f ( 7%)  0.00fps Trem:   0min   0mb  A-V:0.000 [132:0]Pos:   1.2s     18f ( 7%)  0.00fps Trem:   0min   0mb  A-V:0.000 [131:0]Pos:   1.3s     19f ( 8%)  0.00fps Trem:   0min   0mb  A-V:0.000 [128:0]Pos:   1.3s     20f ( 8%)  0.00fps Trem:   0min   0mb  A-V:0.000 [126:0]Pos:   1.4s     21f ( 9%)  0.00fps Trem:   0min   0mb  A-V:0.000 [126:0]Pos:   1.5s     22f ( 9%)  0.00fps Trem:   0min   0mb  A-V:0.000 [124:0]Pos:   1.5s     23f (10%)  0.00fps Trem:   0min   0mb  A-V:0.000 [122:0]Pos:   1.6s     24f (10%)  0.00fps Trem:   0min   0mb  A-V:0.000 [121:0]Pos:   1.7s     25f (11%)  0.00fps Trem:   0min   0mb  A-V:0.000 [121:0]Pos:   1.7s     26f (11%)  0.00fps Trem:   0min   0mb  A-V:0.000 [120:0]Pos:   1.8s     27f (11%)  0.00fps Trem:   0min   0mb  A-V:0.000 [118:0]Pos:   1.9s     28f (12%)  0.00fps Trem:   0min   0mb  A-V:0.000 [118:0]Pos:   1.9s     29f (12%)  0.00fps Trem:   0min   0mb  A-V:0.000 [116:0]Pos:   2.0s     30f (13%)  0.00fps Trem:   0min   0mb  A-V:0.000 [113:0]Pos:   2.1s     31f (13%)  0.00fps Trem:   0min   0mb  A-V:0.000 [113:0]Pos:   2.1s     32f (14%)  0.00fps Trem:   0min   0mb  A-V:0.000 [112:0]Pos:   2.2s     33f (14%)  0.00fps Trem:   0min   0mb  A-V:0.000 [111:0]Pos:   2.3s     34f (14%)  0.00fps Trem:   0min   0mb  A-V:0.000 [111:0]Pos:   2.3s     35f (15%)  0.00fps Trem:   0min   0mb  A-V:0.000 [111:0]Pos:   2.4s     36f (15%)  0.00fps Trem:   0min   0mb  A-V:0.000 [111:0]Pos:   2.5s     37f (16%)  0.00fps Trem:   0min   0mb  A-V:0.000 [110:0]Pos:   2.5s     38f (16%)  0.00fps Trem:   0min   0mb  A-V:0.000 [110:0]Pos:   2.6s     39f (17%)  0.00fps Trem:   0min   0mb  A-V:0.000 [109:0]Pos:   2.7s     40f (17%)  0.00fps Trem:   0min   0mb  A-V:0.000 [108:0]Pos:   2.7s     41f (18%)  0.00fps Trem:   0min   0mb  A-V:0.000 [108:0]Pos:   2.8s     42f (18%)  0.00fps Trem:   0min   0mb  A-V:0.000 [108:0]Pos:   2.9s     43f (18%)  0.00fps Trem:   0min   0mb  A-V:0.000 [107:0]Pos:   2.9s     44f (19%)  0.00fps Trem:   0min   0mb  A-V:0.000 [107:0]Pos:   3.0s     45f (19%)  0.00fps Trem:   0min   0mb  A-V:0.000 [107:0]Pos:   3.1s     46f (20%)  0.00fps Trem:   0min   0mb  A-V:0.000 [107:0]Pos:   3.1s     47f (20%)  0.00fps Trem:   0min   0mb  A-V:0.000 [107:0]Pos:   3.2s     48f (21%)  0.00fps Trem:   0min   0mb  A-V:0.000 [107:0]Pos:   3.3s     49f (21%)  0.00fps Trem:   0min   0mb  A-V:0.000 [106:0]Pos:   3.3s     50f (22%)  0.00fps Trem:   0min   0mb  A-V:0.000 [106:0]Pos:   3.4s     51f (22%)  0.00fps Trem:   0min   0mb  A-V:0.000 [105:0]Pos:   3.5s     52f (22%)  0.00fps Trem:   0min   0mb  A-V:0.000 [105:0]Pos:   3.5s     53f (23%)  0.00fps Trem:   0min   0mb  A-V:0.000 [104:0]Pos:   3.6s     54f (23%)  0.00fps Trem:   0min   0mb  A-V:0.000 [103:0]Pos:   3.7s     55f (24%)  0.00fps Trem:   0min   0mb  A-V:0.000 [103:0]Pos:   3.7s     56f (24%)  0.00fps Trem:   0min   0mb  A-V:0.000 [103:0]Pos:   3.8s     57f (25%)  0.00fps Trem:   0min   0mb  A-V:0.000 [103:0]Pos:   3.9s     58f (25%)  0.00fps Trem:   0min   0mb  A-V:0.000 [103:0]Pos:   3.9s     59f (25%)  0.00fps Trem:   0min   0mb  A-V:0.000 [102:0]Pos:   4.0s     60f (26%)  0.00fps Trem:   0min   0mb  A-V:0.000 [102:0]Pos:   4.1s     61f (26%)  0.00fps Trem:   0min   0mb  A-V:0.000 [101:0]Pos:   4.1s     62f (27%)  0.00fps Trem:   0min   0mb  A-V:0.000 [101:0]Pos:   4.2s     63f (27%)  0.00fps Trem:   0min   0mb  A-V:0.000 [100:0]Pos:   4.3s     64f (28%)  0.00fps Trem:   0min   0mb  A-V:0.000 [100:0]Pos:   4.3s     65f (28%)  0.00fps Trem:   0min   0mb  A-V:0.000 [100:0]Pos:   4.4s     66f (29%)  0.00fps Trem:   0min   0mb  A-V:0.000 [100:0]Pos:   4.5s     67f (29%)  0.00fps Trem:   0min   0mb  A-V:0.000 [99:0]Pos:   4.5s     68f (29%)  0.00fps Trem:   0min   0mb  A-V:0.000 [99:0]Pos:   4.6s     69f (30%)  0.00fps Trem:   0min   0mb  A-V:0.000 [99:0]Pos:   4.7s     70f (30%)  0.00fps Trem:   0min   0mb  A-V:0.000 [99:0]Pos:   4.7s     71f (31%)  0.00fps Trem:   0min   0mb  A-V:0.000 [99:0]Pos:   4.8s     72f (31%)  0.00fps Trem:   0min   0mb  A-V:0.000 [98:0]Pos:   4.9s     73f (32%)  0.00fps Trem:   0min   0mb  A-V:0.000 [98:0]Pos:   4.9s     74f (32%)  0.00fps Trem:   0min   0mb  A-V:0.000 [98:0]Pos:   5.0s     75f (33%)  0.00fps Trem:   0min   0mb  A-V:0.000 [97:0]Pos:   5.1s     76f (33%)  0.00fps Trem:   0min   0mb  A-V:0.000 [97:0]Pos:   5.1s     77f (33%)  0.00fps Trem:   0min   0mb  A-V:0.000 [97:0]Pos:   5.2s     78f (34%)  0.00fps Trem:   0min   0mb  A-V:0.000 [97:0]Pos:   5.3s     79f (34%)  0.00fps Trem:   0min   0mb  A-V:0.000 [97:0]Pos:   5.3s     80f (35%)  0.00fps Trem:   0min   0mb  A-V:0.000 [96:0]Pos:   5.4s     81f (35%)  0.00fps Trem:   0min   0mb  A-V:0.000 [96:0]Pos:   5.5s     82f (36%)  0.00fps Trem:   0min   0mb  A-V:0.000 [96:0]Pos:   5.5s     83f (36%)  0.00fps Trem:   0min   0mb  A-V:0.000 [96:0]Pos:   5.6s     84f (37%)  0.00fps Trem:   0min   0mb  A-V:0.000 [96:0]Pos:   5.7s     85f (37%)  0.00fps Trem:   0min   0mb  A-V:0.000 [95:0]Pos:   5.7s     86f (37%)  0.00fps Trem:   0min   0mb  A-V:0.000 [95:0]Pos:   5.8s     87f (38%)  0.00fps Trem:   0min   0mb  A-V:0.000 [95:0]Pos:   5.9s     88f (38%)  0.00fps Trem:   0min   0mb  A-V:0.000 [95:0]Pos:   5.9s     89f (39%)  0.00fps Trem:   0min   0mb  A-V:0.000 [95:0]Pos:   6.0s     90f (39%)  0.00fps Trem:   0min   0mb  A-V:0.000 [94:0]Pos:   6.1s     91f (40%) 90.82fps Trem:   0min   0mb  A-V:0.000 [94:0]Pos:   6.1s     92f (40%) 90.64fps Trem:   0min   0mb  A-V:0.000 [94:0]Pos:   6.2s     93f (40%) 90.56fps Trem:   0min   0mb  A-V:0.000 [93:0]Pos:   6.3s     94f (41%) 90.47fps Trem:   0min   0mb  A-V:0.000 [93:0]Pos:   6.3s     95f (41%) 90.39fps Trem:   0min   0mb  A-V:0.000 [93:0]Pos:   6.4s     96f (42%) 90.23fps Trem:   0min   0mb  A-V:0.000 [93:0]Pos:   6.5s     97f (42%) 90.15fps Trem:   0min   0mb  A-V:0.000 [92:0]Pos:   6.5s     98f (43%) 90.07fps Trem:   0min   0mb  A-V:0.000 [92:0]Pos:   6.6s     99f (43%) 89.92fps Trem:   0min   0mb  A-V:0.000 [92:0]Pos:   6.7s    100f (44%) 89.85fps Trem:   0min   0mb  A-V:0.000 [92:0]Pos:   6.7s    101f (44%) 89.78fps Trem:   0min   0mb  A-V:0.000 [92:0]Pos:   6.8s    102f (44%) 89.71fps Trem:   0min   0mb  A-V:0.000 [92:0]Pos:   6.9s    103f (45%) 89.64fps Trem:   0min   0mb  A-V:0.000 [91:0]Pos:   6.9s    104f (45%) 89.50fps Trem:   0min   0mb  A-V:0.000 [91:0]Pos:   7.0s    105f (46%) 89.59fps Trem:   0min   0mb  A-V:0.000 [91:0]Pos:   7.1s    106f (46%) 89.83fps Trem:   0min   0mb  A-V:0.000 [91:0]Pos:   7.1s    107f (47%) 90.07fps Trem:   0min   0mb  A-V:0.000 [91:0]Pos:   7.2s    108f (47%) 90.23fps Trem:   0min   0mb  A-V:0.000 [90:0]Pos:   7.3s    109f (48%) 90.46fps Trem:   0min   0mb  A-V:0.000 [90:0]Pos:   7.3s    110f (48%) 90.61fps Trem:   0min   0mb  A-V:0.000 [90:0]Pos:   7.4s    111f (48%) 90.83fps Trem:   0min   0mb  A-V:0.000 [90:0]Pos:   7.5s    112f (49%) 91.06fps Trem:   0min   0mb  A-V:0.000 [89:0]Pos:   7.5s    113f (49%) 91.20fps Trem:   0min   0mb  A-V:0.000 [89:0]Pos:   7.6s    114f (50%) 91.42fps Trem:   0min   0mb  A-V:0.000 [89:0]Pos:   7.7s    115f (50%) 91.63fps Trem:   0min   0mb  A-V:0.000 [89:0]Pos:   7.7s    116f (51%) 91.77fps Trem:   0min   0mb  A-V:0.000 [89:0]Pos:   7.8s    117f (51%) 91.98fps Trem:   0min   0mb  A-V:0.000 [89:0]Pos:   7.9s    118f (51%) 92.19fps Trem:   0min   0mb  A-V:0.000 [88:0]Pos:   7.9s    119f (52%) 92.39fps Trem:   0min   0mb  A-V:0.000 [88:0]Pos:   8.0s    120f (52%) 92.59fps Trem:   0min   0mb  A-V:0.000 [88:0]Pos:   8.1s    121f (52%) 92.72fps Trem:   0min   0mb  A-V:0.000 [88:0]Pos:   8.1s    122f (52%) 92.92fps Trem:   0min   0mb  A-V:0.000 [87:0]Pos:   8.2s    123f (54%) 93.11fps Trem:   0min   0mb  A-V:0.000 [87:0]Pos:   8.3s    124f (54%) 93.30fps Trem:   0min   0mb  A-V:0.000 [87:0]Pos:   8.3s    125f (55%) 93.49fps Trem:   0min   0mb  A-V:0.000 [87:0]Pos:   8.4s    126f (55%) 93.68fps Trem:   0min   0mb  A-V:0.000 [87:0]Pos:   8.5s    127f (55%) 93.87fps Trem:   0min   0mb  A-V:0.000 [87:0]Pos:   8.5s    128f (56%) 93.98fps Trem:   0min   0mb  A-V:0.000 [86:0]Pos:   8.6s    129f (56%) 94.16fps Trem:   0min   0mb  A-V:0.000 [86:0]Pos:   8.7s    130f (57%) 94.27fps Trem:   0min   0mb  A-V:0.000 [86:0]Pos:   8.7s    131f (57%) 94.38fps Trem:   0min   0mb  A-V:0.000 [86:0]Pos:   8.8s    132f (58%) 94.49fps Trem:   0min   0mb  A-V:0.000 [85:0]Pos:   8.9s    133f (58%) 94.59fps Trem:   0min   0mb  A-V:0.000 [85:0]Pos:   8.9s    134f (58%) 94.70fps Trem:   0min   0mb  A-V:0.000 [85:0]Pos:   9.0s    135f (58%) 94.80fps Trem:   0min   0mb  A-V:0.000 [85:0]Pos:   9.1s    136f (58%) 94.91fps Trem:   0min   0mb  A-V:0.000 [84:0]Pos:   9.1s    137f (60%) 95.01fps Trem:   0min   0mb  A-V:0.000 [84:0]Pos:   9.2s    138f (60%) 95.11fps Trem:   0min   0mb  A-V:0.000 [84:0]Pos:   9.3s    139f (61%) 95.14fps Trem:   0min   0mb  A-V:0.000 [84:0]Pos:   9.3s    140f (61%) 95.30fps Trem:   0min   0mb  A-V:0.000 [84:0]Pos:   9.4s    141f (62%) 95.40fps Trem:   0min   0mb  A-V:0.000 [83:0]Pos:   9.5s    142f (62%) 95.43fps Trem:   0min   0mb  A-V:0.000 [83:0]Pos:   9.5s    143f (62%) 95.52fps Trem:   0min   0mb  A-V:0.000 [83:0]Pos:   9.6s    144f (63%) 95.55fps Trem:   0min   0mb  A-V:0.000 [83:0]Pos:   9.7s    145f (63%) 95.58fps Trem:   0min   0mb  A-V:0.000 [83:0]Pos:   9.7s    146f (64%) 95.67fps Trem:   0min   0mb  A-V:0.000 [82:0]Pos:   9.8s    147f (64%) 95.70fps Trem:   0min   0mb  A-V:0.000 [82:0]Pos:   9.9s    148f (65%) 95.61fps Trem:   0min   0mb  A-V:0.000 [82:0]Pos:   9.9s    149f (65%) 95.70fps Trem:   0min   0mb  A-V:0.000 [82:0]Pos:  10.0s    150f (66%) 95.79fps Trem:   0min   0mb  A-V:0.000 [82:0]Pos:  10.1s    151f (66%) 95.81fps Trem:   0min   0mb  A-V:0.000 [82:0]Pos:  10.1s    152f (66%) 95.90fps Trem:   0min   0mb  A-V:0.000 [81:0]Pos:  10.2s    153f (67%) 95.92fps Trem:   0min   0mb  A-V:0.000 [81:0]Pos:  10.3s    154f (67%) 95.89fps Trem:   0min   0mb  A-V:0.000 [81:0]Pos:  10.3s    155f (68%) 95.86fps Trem:   0min   0mb  A-V:0.000 [81:0]Pos:  10.4s    156f (68%) 95.88fps Trem:   0min   0mb  A-V:0.000 [81:0]Pos:  10.5s    157f (69%) 95.85fps Trem:   0min   0mb  A-V:0.000 [80:0]Pos:  10.5s    158f (69%) 95.87fps Trem:   0min   0mb  A-V:0.000 [80:0]Pos:  10.6s    159f (70%) 95.90fps Trem:   0min   0mb  A-V:0.000 [80:0]Pos:  10.7s    160f (70%) 95.92fps Trem:   0min   0mb  A-V:0.000 [79:0]Pos:  10.7s    161f (70%) 95.95fps Trem:   0min   0mb  A-V:0.000 [79:0]Pos:  10.8s    162f (71%) 95.91fps Trem:   0min   0mb  A-V:0.000 [79:0]Pos:  10.9s    163f (71%) 95.94fps Trem:   0min   0mb  A-V:0.000 [79:0]Pos:  10.9s    164f (72%) 95.96fps Trem:   0min   0mb  A-V:0.000 [79:0]Pos:  11.0s    165f (72%) 95.87fps Trem:   0min   0mb  A-V:0.000 [78:0]Pos:  11.1s    166f (73%) 95.79fps Trem:   0min   0mb  A-V:0.000 [78:0]Pos:  11.1s    167f (73%) 95.70fps Trem:   0min   0mb  A-V:0.000 [78:0]Pos:  11.2s    168f (74%) 95.62fps Trem:   0min   0mb  A-V:0.000 [78:0]Pos:  11.3s    169f (74%) 95.48fps Trem:   0min   0mb  A-V:0.000 [78:0]Pos:  11.3s    170f (74%) 95.40fps Trem:   0min   0mb  A-V:0.000 [77:0]Pos:  11.4s    171f (75%) 95.37fps Trem:   0min   0mb  A-V:0.000 [77:0]Pos:  11.5s    172f (75%) 95.29fps Trem:   0min   0mb  A-V:0.000 [77:0]Pos:  11.5s    173f (76%) 95.16fps Trem:   0min   0mb  A-V:0.000 [77:0]Pos:  11.6s    174f (76%) 95.08fps Trem:   0min   0mb  A-V:0.000 [77:0]Pos:  11.7s    175f (77%) 95.01fps Trem:   0min   0mb  A-V:0.000 [77:0]Pos:  11.7s    176f (77%) 94.88fps Trem:   0min   0mb  A-V:0.000 [76:0]Pos:  11.8s    177f (77%) 94.80fps Trem:   0min   0mb  A-V:0.000 [76:0]Pos:  11.9s    178f (78%) 94.68fps Trem:   0min   0mb  A-V:0.000 [76:0]Pos:  11.9s    179f (78%) 94.61fps Trem:   0min   0mb  A-V:0.000 [76:0]Pos:  12.0s    180f (79%) 94.54fps Trem:   0min   0mb  A-V:0.000 [76:0]Pos:  12.1s    181f (79%) 94.47fps Trem:   0min   0mb  A-V:0.000 [76:0]Pos:  12.1s    182f (80%) 94.40fps Trem:   0min   0mb  A-V:0.000 [76:0]Pos:  12.2s    183f (80%) 94.33fps Trem:   0min   0mb  A-V:0.000 [76:0]Pos:  12.3s    184f (81%) 94.26fps Trem:   0min   0mb  A-V:0.000 [76:0]Pos:  12.3s    185f (81%) 94.20fps Trem:   0min   0mb  A-V:0.000 [75:0]Pos:  12.4s    186f (81%) 94.13fps Trem:   0min   0mb  A-V:0.000 [75:0]Pos:  12.5s    187f (82%) 94.06fps Trem:   0min   0mb  A-V:0.000 [75:0]Pos:  12.5s    188f (82%) 94.00fps Trem:   0min   0mb  A-V:0.000 [75:0]Pos:  12.6s    189f (83%) 93.94fps Trem:   0min   0mb  A-V:0.000 [75:0]Pos:  12.7s    190f (83%) 93.87fps Trem:   0min   0mb  A-V:0.000 [75:0]Pos:  12.7s    191f (84%) 93.81fps Trem:   0min   0mb  A-V:0.000 [75:0]Pos:  12.8s    192f (84%) 93.75fps Trem:   0min   0mb  A-V:0.000 [75:0]Pos:  12.9s    193f (85%) 93.64fps Trem:   0min   0mb  A-V:0.000 [75:0]Pos:  12.9s    194f (85%) 93.58fps Trem:   0min   0mb  A-V:0.000 [74:0]Pos:  13.0s    195f (85%) 93.48fps Trem:   0min   0mb  A-V:0.000 [74:0]Pos:  13.1s    196f (86%) 93.42fps Trem:   0min   0mb  A-V:0.000 [74:0]Pos:  13.1s    197f (86%) 93.36fps Trem:   0min   0mb  A-V:0.000 [74:0]Pos:  13.2s    198f (87%) 93.31fps Trem:   0min   0mb  A-V:0.000 [74:0]Pos:  13.3s    199f (87%) 93.25fps Trem:   0min   0mb  A-V:0.000 [74:0]Pos:  13.3s    200f (88%) 93.15fps Trem:   0min   0mb  A-V:0.000 [74:0]Pos:  13.4s    201f (88%) 93.10fps Trem:   0min   0mb  A-V:0.000 [74:0]Pos:  13.5s    202f (88%) 93.00fps Trem:   0min   0mb  A-V:0.000 [74:0]Pos:  13.5s    203f (89%) 92.95fps Trem:   0min   0mb  A-V:0.000 [74:0]Pos:  13.6s    204f (89%) 92.90fps Trem:   0min   0mb  A-V:0.000 [74:0]Pos:  13.7s    205f (90%) 92.72fps Trem:   0min   0mb  A-V:0.000 [74:0]Pos:  13.7s    206f (90%) 92.63fps Trem:   0min   0mb  A-V:0.000 [74:0]Pos:  13.8s    207f (91%) 92.49fps Trem:   0min   0mb  A-V:0.000 [74:0]Pos:  13.9s    208f (91%) 92.40fps Trem:   0min   0mb  A-V:0.000 [74:0]Pos:  13.9s    209f (92%) 92.36fps Trem:   0min   0mb  A-V:0.000 [74:0]Pos:  14.0s    210f (92%) 92.31fps Trem:   0min   0mb  A-V:0.000 [74:0]Pos:  14.1s    211f (92%) 92.26fps Trem:   0min   0mb  A-V:0.000 [74:0]Pos:  14.1s    212f (93%) 92.17fps Trem:   0min   0mb  A-V:0.000 [74:0]Pos:  14.2s    213f (93%) 92.13fps Trem:   0min   0mb  A-V:0.000 [74:0]Pos:  14.3s    214f (94%) 92.08fps Trem:   0min   0mb  A-V:0.000 [73:0]Pos:  14.3s    215f (94%) 92.00fps Trem:   0min   0mb  A-V:0.000 [73:0]Pos:  14.4s    216f (95%) 91.95fps Trem:   0min   0mb  A-V:0.000 [73:0]Pos:  14.5s    217f (95%) 91.91fps Trem:   0min   0mb  A-V:0.000 [73:0]Pos:  14.5s    218f (96%) 91.83fps Trem:   0min   0mb  A-V:0.000 [73:0]Pos:  14.6s    219f (96%) 91.75fps Trem:   0min   0mb  A-V:0.000 [73:0]Pos:  14.7s    220f (96%) 91.70fps Trem:   0min   0mb  A-V:0.000 [73:0]Pos:  14.7s    221f (97%) 91.36fps Trem:   0min   0mb  A-V:0.000 [73:0]Pos:  14.8s    222f (97%) 91.32fps Trem:   0min   0mb  A-V:0.000 [72:0]Pos:  14.9s    223f (98%) 91.28fps Trem:   0min   0mb  A-V:0.000 [72:0]Pos:  14.9s    224f (98%) 91.17fps Trem:   0min   0mb  A-V:0.000 [72:0]Pos:  15.0s    225f (99%) 91.13fps Trem:   0min   0mb  A-V:0.000 [72:0]Pos:  15.1s    226f (99%) 91.09fps Trem:   0min   0mb  A-V:0.000 [72:0]Pos:  15.1s    227f (100%) 91.02fps Trem:   0min   0mb  A-V:0.000 [72:0]Pos:  15.2s    228f (100%) 90.98fps Trem:   0min   0mb  A-V:0.000 [72:0]
Flushing video frames.
Writing index...
Writing header...
ODML: Aspect information not (yet?) available or unspecified, not writing vprp header.

Video stream:   72.500 kbit/s  (9062 B/s)  size: 137750 bytes  15.200 secs  228 frames
